// Jest Snapshot v1, https://goo.gl/fbAQLP

exports[`LoadingScreen Component matches snapshot 1`] = `
<View
  className="h-full w-full flex items-center justify-center bg-neutral-200"
>
  <ActivityIndicator
    color="#005CA9"
    size="large"
  />
  <Text
    className="text-lg text-gray-600 mt-4"
  >
    Carregando...
  </Text>
</View>
`;
