// Jest Snapshot v1, https://goo.gl/fbAQLP

exports[`StatsCards Component matches snapshot 1`] = `
<View
  className="w-11/12 mx-auto mt-6 flex flex-row justify-between"
>
  <View
    className="w-[48%] bg-white rounded-xl p-4 shadow-md"
  >
    <Text
      className="text-sm font-medium text-gray-600"
    >
      Total Pago
    </Text>
    <Text
      className="text-xl font-bold text-green-600"
    >
      R$ 5.000,00
    </Text>
    <Text
      className="text-xs text-gray-400 mt-1"
    >
      60
      % concluído
    </Text>
  </View>
  <View
    className="w-[48%] bg-white rounded-xl p-4 shadow-md"
  >
    <Text
      className="text-sm font-medium text-gray-600"
    >
      Pendente
    </Text>
    <Text
      className="text-xl font-bold text-orange-600"
    >
      R$ 2.000,00
    </Text>
    <Text
      className="text-xs text-gray-400 mt-1"
    >
      5
       parcela(s)
    </Text>
  </View>
</View>
`;
