// Jest Snapshot v1, https://goo.gl/fbAQLP

exports[`ChartLegend Component matches snapshot 1`] = `
<View
  className="w-11/12 mx-auto mb-8"
>
  <Text
    className="text-2xl font-semibold text-gray-800 mb-3"
  >
    Distribuição Financeira
  </Text>
  <View
    className="bg-white rounded-xl p-4 shadow-md"
  >
    <View
      className="flex flex-row items-center justify-between py-2"
    >
      <View
        className="flex flex-row items-center"
      >
        <View
          className="w-4 h-4 rounded-full mr-3"
          style={
            {
              "backgroundColor": "#22c55e",
            }
          }
        />
        <Text
          className="text-sm font-medium text-gray-700"
        >
          Pago
        </Text>
      </View>
      <Text
        className="text-sm font-semibold text-gray-800"
      >
        R$ 5.000,00
      </Text>
    </View>
    <View
      className="flex flex-row items-center justify-between py-2"
    >
      <View
        className="flex flex-row items-center"
      >
        <View
          className="w-4 h-4 rounded-full mr-3"
          style={
            {
              "backgroundColor": "#f59e0b",
            }
          }
        />
        <Text
          className="text-sm font-medium text-gray-700"
        >
          Pendente
        </Text>
      </View>
      <Text
        className="text-sm font-semibold text-gray-800"
      >
        R$ 2.000,00
      </Text>
    </View>
    <View
      className="flex flex-row items-center justify-between py-2"
    >
      <View
        className="flex flex-row items-center"
      >
        <View
          className="w-4 h-4 rounded-full mr-3"
          style={
            {
              "backgroundColor": "#ef4444",
            }
          }
        />
        <Text
          className="text-sm font-medium text-gray-700"
        >
          Saldo Devedor
        </Text>
      </View>
      <Text
        className="text-sm font-semibold text-gray-800"
      >
        R$ 15.000,00
      </Text>
    </View>
  </View>
</View>
`;
